src/components/layout/data/sidebar-data.ts(2,3): error TS6133: 'Construction' is declared but its value is never read.
src/components/layout/data/sidebar-data.ts(4,3): error TS6133: 'Monitor' is declared but its value is never read.
src/components/layout/data/sidebar-data.ts(5,3): error TS6133: 'Bug' is declared but its value is never read.
src/components/layout/data/sidebar-data.ts(7,3): error TS6133: 'FileX' is declared but its value is never read.
src/components/layout/data/sidebar-data.ts(9,3): error TS6133: 'Lock' is declared but its value is never read.
src/components/layout/data/sidebar-data.ts(10,3): error TS6133: 'Bell' is declared but its value is never read.
src/components/layout/data/sidebar-data.ts(11,3): error TS6133: 'Package' is declared but its value is never read.
src/components/layout/data/sidebar-data.ts(13,3): error TS6133: 'ServerOff' is declared but its value is never read.
src/components/layout/data/sidebar-data.ts(16,3): error TS6133: 'UserCog' is declared but its value is never read.
src/components/layout/data/sidebar-data.ts(17,3): error TS6133: 'UserX' is declared but its value is never read.
src/components/layout/data/sidebar-data.ts(20,3): error TS6133: 'MessagesSquare' is declared but its value is never read.
src/components/layout/data/sidebar-data.ts(21,3): error TS6133: 'ShieldCheck' is declared but its value is never read.
src/components/layout/data/sidebar-data.ts(22,3): error TS6133: 'AudioWaveform' is declared but its value is never read.
src/components/layout/data/sidebar-data.ts(23,3): error TS6133: 'Command' is declared but its value is never read.
src/components/layout/data/sidebar-data.ts(24,3): error TS6133: 'GalleryVerticalEnd' is declared but its value is never read.
src/components/layout/types.ts(9,6): error TS6196: 'Team' is declared but never used.
src/features/auth/sign-in/index.tsx(6,3): error TS6133: 'CardFooter' is declared but its value is never read.
src/features/auth/sign-in/index.tsx(14,9): error TS6133: 'redirect' is declared but its value is never read.
src/features/dashboard/components/kepala-satker-dashboard.tsx(36,18): error TS6133: 'setPeriod' is declared but its value is never read.
src/features/dashboard/components/team-leader-dashboard.tsx(277,38): error TS2339: Property 'name' does not exist on type '{ name: any; email: any; users_roles: { roles: { name: any; }[]; }[]; }[]'.
src/features/dashboard/components/team-leader-dashboard.tsx(279,40): error TS2339: Property 'users_roles' does not exist on type '{ name: any; email: any; users_roles: { roles: { name: any; }[]; }[]; }[]'.
src/features/dashboard/components/team-leader-dashboard.tsx(338,40): error TS2339: Property 'name' does not exist on type '{ name: any; email: any; users_roles: { roles: { name: any; }[]; }[]; }[]'.
src/features/dashboard/components/team-leader-dashboard.tsx(341,40): error TS2339: Property 'users_roles' does not exist on type '{ name: any; email: any; users_roles: { roles: { name: any; }[]; }[]; }[]'.
src/features/settings/index.tsx(2,10): error TS6133: 'Monitor' is declared but its value is never read.
src/features/settings/index.tsx(2,19): error TS6133: 'Bell' is declared but its value is never read.
src/features/settings/index.tsx(2,42): error TS6133: 'UserCog' is declared but its value is never read.
src/features/teams/team-detail/index.tsx(93,11): error TS2322: Type '{ isOpen: boolean; onOpenChange: Dispatch<SetStateAction<boolean>>; teamId: number; onAddMember: (formData: { user_id: string; }) => Promise<void>; currentMembers: { ...; }[]; }' is not assignable to type 'IntrinsicAttributes & AddMemberDialogProps'.
  Property 'teamId' does not exist on type 'IntrinsicAttributes & AddMemberDialogProps'.
src/features/users/components/users-delete-dialog.tsx(68,27): error TS2551: Property 'role' does not exist on type '{ id: string; name: string; email: string; teams: { id: number; name: string; }[]; roles: { id: number; name: string; }[]; createdAt: Date; }'. Did you mean 'roles'?
src/features/users/components/users-primary-buttons.tsx(1,1): error TS6133: 'UserPlus' is declared but its value is never read.
src/features/users/components/users-primary-buttons.tsx(2,1): error TS6133: 'Button' is declared but its value is never read.
src/features/users/components/users-primary-buttons.tsx(6,9): error TS6133: 'setOpen' is declared but its value is never read.
